// Jest Snapshot v1, https://goo.gl/fbAQLP

exports[`MessageAlert to match snapshot 1`] = `
<div>
  <div
    aria-label="8 messages without read"
    class="sc-bczRLJ ldMgCU"
    role="alert"
  >
    8
  </div>
</div>
`;
