// Jest Snapshot v1, https://goo.gl/fbAQLP

exports[`describe to match snapshot 1`] = `
<div>
  <div
    class="sc-bczRLJ eGOsWw"
  >
    <svg
      fill="currentColor"
      height="1em"
      stroke="currentColor"
      stroke-width="0"
      viewBox="0 0 512 512"
      width="1em"
      xmlns="http://www.w3.org/2000/svg"
    >
      <path
        d="M464 128L240 384l-96-96m0 96l-96-96m320-160L232 284"
        fill="none"
        stroke-linecap="round"
        stroke-linejoin="round"
        stroke-width="32"
      />
    </svg>
    <p
      class="sc-gsnTZi cJoxYx"
    >
      today
    </p>
  </div>
</div>
`;
